// Jest Snapshot v1, https://goo.gl/fbAQLP

exports[`TableChart Should match snapshot 1`] = `
<DocumentFragment>
  <div
    data-testid="chart-wrapper"
  />
</DocumentFragment>
`;
